index.ts:45 [AssetHealthGauge] constructor
PlatformServices.ts:57 [AssetHealthGauge.services] capabilities {webApi: true, lookup: true, barcode: false}
index.ts:54 [AssetHealthGauge] init {userName: '# Helios Admin', languageId: 1033, formFactor: 1, allocatedWidth: -1, fluentTheme: 'provided', …}allocatedWidth: -1capabilities: {webApi: true, lookup: true, barcode: false}fluentTheme: "provided"formFactor: 1isDarkTheme: falselanguageId: 1033restoredState: nulluserName: "# Helios Admin"[[Prototype]]: Objectconstructor: ƒ Object()hasOwnProperty: ƒ hasOwnProperty()isPrototypeOf: ƒ isPrototypeOf()propertyIsEnumerable: ƒ propertyIsEnumerable()toLocaleString: ƒ toLocaleString()toString: ƒ toString()valueOf: ƒ valueOf()__defineGetter__: ƒ __defineGetter__()__defineSetter__: ƒ __defineSetter__()__lookupGetter__: ƒ __lookupGetter__()__lookupSetter__: ƒ __lookupSetter__()__proto__: (...)get __proto__: ƒ __proto__()set __proto__: ƒ __proto__()
index.ts:71 [AssetHealthGauge] updateView #1 {updatedProperties: Array(0), raw: 42.5, formatted: '42.50', assetId: 'c842eff1-b3ab-f111-aaac-002248c75f1e', serialNumber: 'TX-N-0001', …}
PlatformServices.ts:73 [AssetHealthGauge.services] retrieveMultipleRecords {entity: 'hel_inspection', query: '?$select=hel_name,hel_inspectiondate,hel_resulting…248c75f1e&$orderby=hel_inspectiondate desc&$top=5'}
index.ts:71 [AssetHealthGauge] updateView #2 {updatedProperties: Array(1), raw: 42.5, formatted: '42.50', assetId: 'c842eff1-b3ab-f111-aaac-002248c75f1e', serialNumber: 'TX-N-0001', …}
PlatformServices.ts:88 [AssetHealthGauge.services] inspections loaded {count: 1}count: 1[[Prototype]]: Objectconstructor: ƒ Object()hasOwnProperty: ƒ hasOwnProperty()isPrototypeOf: ƒ isPrototypeOf()propertyIsEnumerable: ƒ propertyIsEnumerable()toLocaleString: ƒ toLocaleString()toString: ƒ toString()valueOf: ƒ valueOf()__defineGetter__: ƒ __defineGetter__()__defineSetter__: ƒ __defineSetter__()__lookupGetter__: ƒ __lookupGetter__()__lookupSetter__: ƒ __lookupSetter__()__proto__: (...)get __proto__: ƒ __proto__()set __proto__: ƒ __proto__()
index.ts:71 [AssetHealthGauge] updateView #3 {updatedProperties: Array(1), raw: 42.5, formatted: '42.50', assetId: 'c842eff1-b3ab-f111-aaac-002248c75f1e', serialNumber: 'TX-N-0001', …}
index.ts:71 [AssetHealthGauge] updateView #4 {updatedProperties: Array(1), raw: 42.5, formatted: '42.50', assetId: 'c842eff1-b3ab-f111-aaac-002248c75f1e', serialNumber: 'TX-N-0001', …}
index.ts:71 [AssetHealthGauge] updateView #5 {updatedProperties: Array(1), raw: 42.5, formatted: '42.50', assetId: 'c842eff1-b3ab-f111-aaac-002248c75f1e', serialNumber: 'TX-N-0001', …}
index.ts:71 [AssetHealthGauge] updateView #6 {updatedProperties: Array(3), raw: 42.5, formatted: '42.50', assetId: 'c842eff1-b3ab-f111-aaac-002248c75f1e', serialNumber: 'TX-N-0001', …}
index.ts:71 [AssetHealthGauge] updateView #7 {updatedProperties: Array(2), raw: 42.5, formatted: '42.50', assetId: 'c842eff1-b3ab-f111-aaac-002248c75f1e', serialNumber: 'TX-N-0001', …}
index.ts:71 [AssetHealthGauge] updateView #8 {updatedProperties: Array(1), raw: 42.5, formatted: '42.50', assetId: 'c842eff1-b3ab-f111-aaac-002248c75f1e', serialNumber: 'TX-N-0001', …}
index.ts:71 [AssetHealthGauge] updateView #9 {updatedProperties: Array(1), raw: 42.5, formatted: '42.50', assetId: 'c842eff1-b3ab-f111-aaac-002248c75f1e', serialNumber: 'TX-N-0001', …}
index.ts:71 [AssetHealthGauge] updateView #10 {updatedProperties: Array(2), raw: 42.5, formatted: '42.50', assetId: 'c842eff1-b3ab-f111-aaac-002248c75f1e', serialNumber: 'TX-N-0001', …}
index.ts:71 [AssetHealthGauge] updateView #11 {updatedProperties: Array(1), raw: 42.5, formatted: '42.50', assetId: 'c842eff1-b3ab-f111-aaac-002248c75f1e', serialNumber: 'TX-N-0001', …}
index.ts:71 [AssetHealthGauge] updateView #12 {updatedProperties: Array(1), raw: 42.5, formatted: '42.50', assetId: 'c842eff1-b3ab-f111-aaac-002248c75f1e', serialNumber: 'TX-N-0001', …}
index.ts:71 [AssetHealthGauge] updateView #13 {updatedProperties: Array(2), raw: 42.5, formatted: '42.50', assetId: 'c842eff1-b3ab-f111-aaac-002248c75f1e', serialNumber: 'TX-N-0001', …}
index.ts:71 [AssetHealthGauge] updateView #14 {updatedProperties: Array(1), raw: 42.5, formatted: '42.50', assetId: 'c842eff1-b3ab-f111-aaac-002248c75f1e', serialNumber: 'TX-N-0001', …}
index.ts:71 [AssetHealthGauge] updateView #15 {updatedProperties: Array(1), raw: 42.5, formatted: '42.50', assetId: 'c842eff1-b3ab-f111-aaac-002248c75f1e', serialNumber: 'TX-N-0001', …}
index.ts:71 [AssetHealthGauge] updateView #16 {updatedProperties: Array(2), raw: 42.5, formatted: '42.50', assetId: 'c842eff1-b3ab-f111-aaac-002248c75f1e', serialNumber: 'TX-N-0001', …}
index.ts:71 [AssetHealthGauge] updateView #17 {updatedProperties: Array(1), raw: 42.5, formatted: '42.50', assetId: 'c842eff1-b3ab-f111-aaac-002248c75f1e', serialNumber: 'TX-N-0001', …}
index.ts:71 [AssetHealthGauge] updateView #18 {updatedProperties: Array(1), raw: 42.5, formatted: '42.50', assetId: 'c842eff1-b3ab-f111-aaac-002248c75f1e', serialNumber: 'TX-N-0001', …}
index.ts:71 [AssetHealthGauge] updateView #19 {updatedProperties: Array(1), raw: 42.5, formatted: '42.50', assetId: 'c842eff1-b3ab-f111-aaac-002248c75f1e', serialNumber: 'TX-N-0001', …}
index.ts:71 [AssetHealthGauge] updateView #20 {updatedProperties: Array(1), raw: 42.5, formatted: '42.50', assetId: 'c842eff1-b3ab-f111-aaac-002248c75f1e', serialNumber: 'TX-N-0001', …}
index.ts:71 [AssetHealthGauge] updateView #21 {updatedProperties: Array(1), raw: 42.5, formatted: '42.50', assetId: 'c842eff1-b3ab-f111-aaac-002248c75f1e', serialNumber: 'TX-N-0001', …}
index.ts:71 [AssetHealthGauge] updateView #22 {updatedProperties: Array(1), raw: 42.5, formatted: '42.50', assetId: 'c842eff1-b3ab-f111-aaac-002248c75f1e', serialNumber: 'TX-N-0001', …}
index.ts:71 [AssetHealthGauge] updateView #23 {updatedProperties: Array(1), raw: 42.5, formatted: '42.50', assetId: 'c842eff1-b3ab-f111-aaac-002248c75f1e', serialNumber: 'TX-N-0001', …}
index.ts:71 [AssetHealthGauge] updateView #24 {updatedProperties: Array(1), raw: 42.5, formatted: '42.50', assetId: 'c842eff1-b3ab-f111-aaac-002248c75f1e', serialNumber: 'TX-N-0001', …}
index.ts:71 [AssetHealthGauge] updateView #25 {updatedProperties: Array(1), raw: 42.5, formatted: '42.50', assetId: 'c842eff1-b3ab-f111-aaac-002248c75f1e', serialNumber: 'TX-N-0001', …}
index.ts:71 [AssetHealthGauge] updateView #26 {updatedProperties: Array(3), raw: 42.5, formatted: '42.50', assetId: 'c842eff1-b3ab-f111-aaac-002248c75f1e', serialNumber: 'TX-N-0001', …}
index.ts:71 [AssetHealthGauge] updateView #27 {updatedProperties: Array(2), raw: 42.5, formatted: '42.50', assetId: 'c842eff1-b3ab-f111-aaac-002248c75f1e', serialNumber: 'TX-N-0001', …}
index.ts:71 [AssetHealthGauge] updateView #28 {updatedProperties: Array(1), raw: 42.5, formatted: '42.50', assetId: 'c842eff1-b3ab-f111-aaac-002248c75f1e', serialNumber: 'TX-N-0001', …}
index.ts:71 [AssetHealthGauge] updateView #29 {updatedProperties: Array(1), raw: 42.5, formatted: '42.50', assetId: 'c842eff1-b3ab-f111-aaac-002248c75f1e', serialNumber: 'TX-N-0001', …}
index.ts:71 [AssetHealthGauge] updateView #30 {updatedProperties: Array(1), raw: 42.5, formatted: '42.50', assetId: 'c842eff1-b3ab-f111-aaac-002248c75f1e', serialNumber: 'TX-N-0001', …}
index.ts:71 [AssetHealthGauge] updateView #31 {updatedProperties: Array(1), raw: 42.5, formatted: '42.50', assetId: 'c842eff1-b3ab-f111-aaac-002248c75f1e', serialNumber: 'TX-N-0001', …}
index.ts:71 [AssetHealthGauge] updateView #32 {updatedProperties: Array(1), raw: 42.5, formatted: '42.50', assetId: 'c842eff1-b3ab-f111-aaac-002248c75f1e', serialNumber: 'TX-N-0001', …}
index.ts:71 [AssetHealthGauge] updateView #33 {updatedProperties: Array(1), raw: 42.5, formatted: '42.50', assetId: 'c842eff1-b3ab-f111-aaac-002248c75f1e', serialNumber: 'TX-N-0001', …}
index.ts:71 [AssetHealthGauge] updateView #34 {updatedProperties: Array(3), raw: 42.5, formatted: '42.50', assetId: 'c842eff1-b3ab-f111-aaac-002248c75f1e', serialNumber: 'TX-N-0001', …}
index.ts:71 [AssetHealthGauge] updateView #35 {updatedProperties: Array(1), raw: 42.5, formatted: '42.50', assetId: 'c842eff1-b3ab-f111-aaac-002248c75f1e', serialNumber: 'TX-N-0001', …}
index.ts:71 [AssetHealthGauge] updateView #36 {updatedProperties: Array(1), raw: 42.5, formatted: '42.50', assetId: 'c842eff1-b3ab-f111-aaac-002248c75f1e', serialNumber: 'TX-N-0001', …}
index.ts:71 [AssetHealthGauge] updateView #37 {updatedProperties: Array(1), raw: 42.5, formatted: '42.50', assetId: 'c842eff1-b3ab-f111-aaac-002248c75f1e', serialNumber: 'TX-N-0001', …}
index.ts:71 [AssetHealthGauge] updateView #38 {updatedProperties: Array(1), raw: 42.5, formatted: '42.50', assetId: 'c842eff1-b3ab-f111-aaac-002248c75f1e', serialNumber: 'TX-N-0001', …}
index.ts:71 [AssetHealthGauge] updateView #39 {updatedProperties: Array(1), raw: 42.5, formatted: '42.50', assetId: 'c842eff1-b3ab-f111-aaac-002248c75f1e', serialNumber: 'TX-N-0001', …}
index.ts:71 [AssetHealthGauge] updateView #40 {updatedProperties: Array(1), raw: 42.5, formatted: '42.50', assetId: 'c842eff1-b3ab-f111-aaac-002248c75f1e', serialNumber: 'TX-N-0001', …}
index.ts:71 [AssetHealthGauge] updateView #41 {updatedProperties: Array(1), raw: 42.5, formatted: '42.50', assetId: 'c842eff1-b3ab-f111-aaac-002248c75f1e', serialNumber: 'TX-N-0001', …}
index.ts:71 [AssetHealthGauge] updateView #42 {updatedProperties: Array(1), raw: 42.5, formatted: '42.50', assetId: 'c842eff1-b3ab-f111-aaac-002248c75f1e', serialNumber: 'TX-N-0001', …}
index.ts:71 [AssetHealthGauge] updateView #43 {updatedProperties: Array(1), raw: 42.5, formatted: '42.50', assetId: 'c842eff1-b3ab-f111-aaac-002248c75f1e', serialNumber: 'TX-N-0001', …}
index.ts:71 [AssetHealthGauge] updateView #44 {updatedProperties: Array(1), raw: 42.5, formatted: '42.50', assetId: 'c842eff1-b3ab-f111-aaac-002248c75f1e', serialNumber: 'TX-N-0001', …}
index.ts:71 [AssetHealthGauge] updateView #45 {updatedProperties: Array(1), raw: 42.5, formatted: '42.50', assetId: 'c842eff1-b3ab-f111-aaac-002248c75f1e', serialNumber: 'TX-N-0001', …}
index.ts:71 [AssetHealthGauge] updateView #46 {updatedProperties: Array(1), raw: 42.5, formatted: '42.50', assetId: 'c842eff1-b3ab-f111-aaac-002248c75f1e', serialNumber: 'TX-N-0001', …}
index.ts:71 [AssetHealthGauge] updateView #47 {updatedProperties: Array(2), raw: 42.5, formatted: '42.50', assetId: 'c842eff1-b3ab-f111-aaac-002248c75f1e', serialNumber: 'TX-N-0001', …}
index.ts:71 [AssetHealthGauge] updateView #48 {updatedProperties: Array(1), raw: 42.5, formatted: '42.50', assetId: 'c842eff1-b3ab-f111-aaac-002248c75f1e', serialNumber: 'TX-N-0001', …}
index.ts:71 [AssetHealthGauge] updateView #49 {updatedProperties: Array(1), raw: 42.5, formatted: '42.50', assetId: 'c842eff1-b3ab-f111-aaac-002248c75f1e', serialNumber: 'TX-N-0001', …}
index.ts:71 [AssetHealthGauge] updateView #50 {updatedProperties: Array(1), raw: 42.5, formatted: '42.50', assetId: 'c842eff1-b3ab-f111-aaac-002248c75f1e', serialNumber: 'TX-N-0001', …}
index.ts:71 [AssetHealthGauge] updateView #51 {updatedProperties: Array(1), raw: 42.5, formatted: '42.50', assetId: 'c842eff1-b3ab-f111-aaac-002248c75f1e', serialNumber: 'TX-N-0001', …}
index.ts:71 [AssetHealthGauge] updateView #52 {updatedProperties: Array(1), raw: 42.5, formatted: '42.50', assetId: 'c842eff1-b3ab-f111-aaac-002248c75f1e', serialNumber: 'TX-N-0001', …}
index.ts:71 [AssetHealthGauge] updateView #53 {updatedProperties: Array(1), raw: 42.5, formatted: '42.50', assetId: 'c842eff1-b3ab-f111-aaac-002248c75f1e', serialNumber: 'TX-N-0001', …}
index.ts:71 [AssetHealthGauge] updateView #54 {updatedProperties: Array(1), raw: 42.5, formatted: '42.50', assetId: 'c842eff1-b3ab-f111-aaac-002248c75f1e', serialNumber: 'TX-N-0001', …}
index.ts:71 [AssetHealthGauge] updateView #55 {updatedProperties: Array(1), raw: 42.5, formatted: '42.50', assetId: 'c842eff1-b3ab-f111-aaac-002248c75f1e', serialNumber: 'TX-N-0001', …}
index.ts:71 [AssetHealthGauge] updateView #56 {updatedProperties: Array(2), raw: 42.5, formatted: '42.50', assetId: 'c842eff1-b3ab-f111-aaac-002248c75f1e', serialNumber: 'TX-N-0001', …}
index.ts:71 [AssetHealthGauge] updateView #57 {updatedProperties: Array(1), raw: 42.5, formatted: '42.50', assetId: 'c842eff1-b3ab-f111-aaac-002248c75f1e', serialNumber: 'TX-N-0001', …}
index.ts:71 [AssetHealthGauge] updateView #58 {updatedProperties: Array(1), raw: 42.5, formatted: '42.50', assetId: 'c842eff1-b3ab-f111-aaac-002248c75f1e', serialNumber: 'TX-N-0001', …}
index.ts:71 [AssetHealthGauge] updateView #59 {updatedProperties: Array(3), raw: 42.5, formatted: '42.50', assetId: 'c842eff1-b3ab-f111-aaac-002248c75f1e', serialNumber: 'TX-N-0001', …}
index.ts:71 [AssetHealthGauge] updateView #60 {updatedProperties: Array(1), raw: 42.5, formatted: '42.50', assetId: 'c842eff1-b3ab-f111-aaac-002248c75f1e', serialNumber: 'TX-N-0001', …}
index.ts:71 [AssetHealthGauge] updateView #61 {updatedProperties: Array(1), raw: 42.5, formatted: '42.50', assetId: 'c842eff1-b3ab-f111-aaac-002248c75f1e', serialNumber: 'TX-N-0001', …}
index.ts:71 [AssetHealthGauge] updateView #62 {updatedProperties: Array(1), raw: 42.5, formatted: '42.50', assetId: 'c842eff1-b3ab-f111-aaac-002248c75f1e', serialNumber: 'TX-N-0001', …}
index.ts:71 [AssetHealthGauge] updateView #63 {updatedProperties: Array(1), raw: 42.5, formatted: '42.50', assetId: 'c842eff1-b3ab-f111-aaac-002248c75f1e', serialNumber: 'TX-N-0001', …}
index.ts:71 [AssetHealthGauge] updateView #64 {updatedProperties: Array(1), raw: 42.5, formatted: '42.50', assetId: 'c842eff1-b3ab-f111-aaac-002248c75f1e', serialNumber: 'TX-N-0001', …}
index.ts:71 [AssetHealthGauge] updateView #65 {updatedProperties: Array(1), raw: 42.5, formatted: '42.50', assetId: 'c842eff1-b3ab-f111-aaac-002248c75f1e', serialNumber: 'TX-N-0001', …}
index.ts:71 [AssetHealthGauge] updateView #66 {updatedProperties: Array(1), raw: 42.5, formatted: '42.50', assetId: 'c842eff1-b3ab-f111-aaac-002248c75f1e', serialNumber: 'TX-N-0001', …}
index.ts:71 [AssetHealthGauge] updateView #67 {updatedProperties: Array(1), raw: 42.5, formatted: '42.50', assetId: 'c842eff1-b3ab-f111-aaac-002248c75f1e', serialNumber: 'TX-N-0001', …}
index.ts:71 [AssetHealthGauge] updateView #68 {updatedProperties: Array(1), raw: 42.5, formatted: '42.50', assetId: 'c842eff1-b3ab-f111-aaac-002248c75f1e', serialNumber: 'TX-N-0001', …}
index.ts:71 [AssetHealthGauge] updateView #69 {updatedProperties: Array(1), raw: 42.5, formatted: '42.50', assetId: 'c842eff1-b3ab-f111-aaac-002248c75f1e', serialNumber: 'TX-N-0001', …}
index.ts:71 [AssetHealthGauge] updateView #70 {updatedProperties: Array(1), raw: 42.5, formatted: '42.50', assetId: 'c842eff1-b3ab-f111-aaac-002248c75f1e', serialNumber: 'TX-N-0001', …}
index.ts:71 [AssetHealthGauge] updateView #71 {updatedProperties: Array(1), raw: 42.5, formatted: '42.50', assetId: 'c842eff1-b3ab-f111-aaac-002248c75f1e', serialNumber: 'TX-N-0001', …}
index.ts:71 [AssetHealthGauge] updateView #72 {updatedProperties: Array(1), raw: 42.5, formatted: '42.50', assetId: 'c842eff1-b3ab-f111-aaac-002248c75f1e', serialNumber: 'TX-N-0001', …}
index.ts:71 [AssetHealthGauge] updateView #73 {updatedProperties: Array(1), raw: 42.5, formatted: '42.50', assetId: 'c842eff1-b3ab-f111-aaac-002248c75f1e', serialNumber: 'TX-N-0001', …}
index.ts:71 [AssetHealthGauge] updateView #74 {updatedProperties: Array(1), raw: 42.5, formatted: '42.50', assetId: 'c842eff1-b3ab-f111-aaac-002248c75f1e', serialNumber: 'TX-N-0001', …}
index.ts:71 [AssetHealthGauge] updateView #75 {updatedProperties: Array(1), raw: 42.5, formatted: '42.50', assetId: 'c842eff1-b3ab-f111-aaac-002248c75f1e', serialNumber: 'TX-N-0001', …}
index.ts:71 [AssetHealthGauge] updateView #76 {updatedProperties: Array(1), raw: 42.5, formatted: '42.50', assetId: 'c842eff1-b3ab-f111-aaac-002248c75f1e', serialNumber: 'TX-N-0001', …}
index.ts:71 [AssetHealthGauge] updateView #77 {updatedProperties: Array(1), raw: 42.5, formatted: '42.50', assetId: 'c842eff1-b3ab-f111-aaac-002248c75f1e', serialNumber: 'TX-N-0001', …}
index.ts:71 [AssetHealthGauge] updateView #78 {updatedProperties: Array(1), raw: 42.5, formatted: '42.50', assetId: 'c842eff1-b3ab-f111-aaac-002248c75f1e', serialNumber: 'TX-N-0001', …}
index.ts:71 [AssetHealthGauge] updateView #79 {updatedProperties: Array(1), raw: 42.5, formatted: '42.50', assetId: 'c842eff1-b3ab-f111-aaac-002248c75f1e', serialNumber: 'TX-N-0001', …}
index.ts:71 [AssetHealthGauge] updateView #80 {updatedProperties: Array(1), raw: 42.5, formatted: '42.50', assetId: 'c842eff1-b3ab-f111-aaac-002248c75f1e', serialNumber: 'TX-N-0001', …}
index.ts:71 [AssetHealthGauge] updateView #81 {updatedProperties: Array(1), raw: 42.5, formatted: '42.50', assetId: 'c842eff1-b3ab-f111-aaac-002248c75f1e', serialNumber: 'TX-N-0001', …}
index.ts:71 [AssetHealthGauge] updateView #82 {updatedProperties: Array(1), raw: 42.5, formatted: '42.50', assetId: 'c842eff1-b3ab-f111-aaac-002248c75f1e', serialNumber: 'TX-N-0001', …}
index.ts:71 [AssetHealthGauge] updateView #83 {updatedProperties: Array(1), raw: 42.5, formatted: '42.50', assetId: 'c842eff1-b3ab-f111-aaac-002248c75f1e', serialNumber: 'TX-N-0001', …}
index.ts:71 [AssetHealthGauge] updateView #84 {updatedProperties: Array(1), raw: 42.5, formatted: '42.50', assetId: 'c842eff1-b3ab-f111-aaac-002248c75f1e', serialNumber: 'TX-N-0001', …}
index.ts:71 [AssetHealthGauge] updateView #85 {updatedProperties: Array(1), raw: 42.5, formatted: '42.50', assetId: 'c842eff1-b3ab-f111-aaac-002248c75f1e', serialNumber: 'TX-N-0001', …}
index.ts:71 [AssetHealthGauge] updateView #86 {updatedProperties: Array(1), raw: 42.5, formatted: '42.50', assetId: 'c842eff1-b3ab-f111-aaac-002248c75f1e', serialNumber: 'TX-N-0001', …}
index.ts:71 [AssetHealthGauge] updateView #87 {updatedProperties: Array(1), raw: 42.5, formatted: '42.50', assetId: 'c842eff1-b3ab-f111-aaac-002248c75f1e', serialNumber: 'TX-N-0001', …}
index.ts:71 [AssetHealthGauge] updateView #88 {updatedProperties: Array(1), raw: 42.5, formatted: '42.50', assetId: 'c842eff1-b3ab-f111-aaac-002248c75f1e', serialNumber: 'TX-N-0001', …}
index.ts:71 [AssetHealthGauge] updateView #89 {updatedProperties: Array(1), raw: 42.5, formatted: '42.50', assetId: 'c842eff1-b3ab-f111-aaac-002248c75f1e', serialNumber: 'TX-N-0001', …}
index.ts:71 [AssetHealthGauge] updateView #90 {updatedProperties: Array(1), raw: 42.5, formatted: '42.50', assetId: 'c842eff1-b3ab-f111-aaac-002248c75f1e', serialNumber: 'TX-N-0001', …}
index.ts:71 [AssetHealthGauge] updateView #91 {updatedProperties: Array(1), raw: 42.5, formatted: '42.50', assetId: 'c842eff1-b3ab-f111-aaac-002248c75f1e', serialNumber: 'TX-N-0001', …}
index.ts:71 [AssetHealthGauge] updateView #92 {updatedProperties: Array(1), raw: 42.5, formatted: '42.50', assetId: 'c842eff1-b3ab-f111-aaac-002248c75f1e', serialNumber: 'TX-N-0001', …}
index.ts:71 [AssetHealthGauge] updateView #93 {updatedProperties: Array(1), raw: 42.5, formatted: '42.50', assetId: 'c842eff1-b3ab-f111-aaac-002248c75f1e', serialNumber: 'TX-N-0001', …}
index.ts:71 [AssetHealthGauge] updateView #94 {updatedProperties: Array(1), raw: 42.5, formatted: '42.50', assetId: 'c842eff1-b3ab-f111-aaac-002248c75f1e', serialNumber: 'TX-N-0001', …}
index.ts:71 [AssetHealthGauge] updateView #95 {updatedProperties: Array(1), raw: 42.5, formatted: '42.50', assetId: 'c842eff1-b3ab-f111-aaac-002248c75f1e', serialNumber: 'TX-N-0001', …}
index.ts:71 [AssetHealthGauge] updateView #96 {updatedProperties: Array(1), raw: 42.5, formatted: '42.50', assetId: 'c842eff1-b3ab-f111-aaac-002248c75f1e', serialNumber: 'TX-N-0001', …}
index.ts:71 [AssetHealthGauge] updateView #97 {updatedProperties: Array(3), raw: 42.5, formatted: '42.50', assetId: 'c842eff1-b3ab-f111-aaac-002248c75f1e', serialNumber: 'TX-N-0001', …}
index.ts:71 [AssetHealthGauge] updateView #98 {updatedProperties: Array(1), raw: 42.5, formatted: '42.50', assetId: 'c842eff1-b3ab-f111-aaac-002248c75f1e', serialNumber: 'TX-N-0001', …}
index.ts:71 [AssetHealthGauge] updateView #99 {updatedProperties: Array(1), raw: 42.5, formatted: '42.50', assetId: 'c842eff1-b3ab-f111-aaac-002248c75f1e', serialNumber: 'TX-N-0001', …}
index.ts:71 [AssetHealthGauge] updateView #100 {updatedProperties: Array(1), raw: 42.5, formatted: '42.50', assetId: 'c842eff1-b3ab-f111-aaac-002248c75f1e', serialNumber: 'TX-N-0001', …}
index.ts:71 [AssetHealthGauge] updateView #101 {updatedProperties: Array(1), raw: 42.5, formatted: '42.50', assetId: 'c842eff1-b3ab-f111-aaac-002248c75f1e', serialNumber: 'TX-N-0001', …}
index.ts:71 [AssetHealthGauge] updateView #102 {updatedProperties: Array(1), raw: 42.5, formatted: '42.50', assetId: 'c842eff1-b3ab-f111-aaac-002248c75f1e', serialNumber: 'TX-N-0001', …}
index.ts:71 [AssetHealthGauge] updateView #103 {updatedProperties: Array(1), raw: 42.5, formatted: '42.50', assetId: 'c842eff1-b3ab-f111-aaac-002248c75f1e', serialNumber: 'TX-N-0001', …}
index.ts:71 [AssetHealthGauge] updateView #104 {updatedProperties: Array(1), raw: 42.5, formatted: '42.50', assetId: 'c842eff1-b3ab-f111-aaac-002248c75f1e', serialNumber: 'TX-N-0001', …}
index.ts:71 [AssetHealthGauge] updateView #105 {updatedProperties: Array(1), raw: 42.5, formatted: '42.50', assetId: 'c842eff1-b3ab-f111-aaac-002248c75f1e', serialNumber: 'TX-N-0001', …}
index.ts:71 [AssetHealthGauge] updateView #106 {updatedProperties: Array(1), raw: 42.5, formatted: '42.50', assetId: 'c842eff1-b3ab-f111-aaac-002248c75f1e', serialNumber: 'TX-N-0001', …}
index.ts:71 [AssetHealthGauge] updateView #107 {updatedProperties: Array(1), raw: 42.5, formatted: '42.50', assetId: 'c842eff1-b3ab-f111-aaac-002248c75f1e', serialNumber: 'TX-N-0001', …}
index.ts:71 [AssetHealthGauge] updateView #108 {updatedProperties: Array(1), raw: 42.5, formatted: '42.50', assetId: 'c842eff1-b3ab-f111-aaac-002248c75f1e', serialNumber: 'TX-N-0001', …}
index.ts:71 [AssetHealthGauge] updateView #109 {updatedProperties: Array(1), raw: 42.5, formatted: '42.50', assetId: 'c842eff1-b3ab-f111-aaac-002248c75f1e', serialNumber: 'TX-N-0001', …}
index.ts:71 [AssetHealthGauge] updateView #110 {updatedProperties: Array(1), raw: 42.5, formatted: '42.50', assetId: 'c842eff1-b3ab-f111-aaac-002248c75f1e', serialNumber: 'TX-N-0001', …}
index.ts:71 [AssetHealthGauge] updateView #111 {updatedProperties: Array(1), raw: 42.5, formatted: '42.50', assetId: 'c842eff1-b3ab-f111-aaac-002248c75f1e', serialNumber: 'TX-N-0001', …}
index.ts:71 [AssetHealthGauge] updateView #112 {updatedProperties: Array(1), raw: 42.5, formatted: '42.50', assetId: 'c842eff1-b3ab-f111-aaac-002248c75f1e', serialNumber: 'TX-N-0001', …}
index.ts:71 [AssetHealthGauge] updateView #113 {updatedProperties: Array(2), raw: 42.5, formatted: '42.50', assetId: 'c842eff1-b3ab-f111-aaac-002248c75f1e', serialNumber: 'TX-N-0001', …}
index.ts:71 [AssetHealthGauge] updateView #114 {updatedProperties: Array(1), raw: 42.5, formatted: '42.50', assetId: 'c842eff1-b3ab-f111-aaac-002248c75f1e', serialNumber: 'TX-N-0001', …}
index.ts:71 [AssetHealthGauge] updateView #115 {updatedProperties: Array(1), raw: 42.5, formatted: '42.50', assetId: 'c842eff1-b3ab-f111-aaac-002248c75f1e', serialNumber: 'TX-N-0001', …}
index.ts:71 [AssetHealthGauge] updateView #116 {updatedProperties: Array(1), raw: 42.5, formatted: '42.50', assetId: 'c842eff1-b3ab-f111-aaac-002248c75f1e', serialNumber: 'TX-N-0001', …}
index.ts:71 [AssetHealthGauge] updateView #117 {updatedProperties: Array(1), raw: 42.5, formatted: '42.50', assetId: 'c842eff1-b3ab-f111-aaac-002248c75f1e', serialNumber: 'TX-N-0001', …}
index.ts:71 [AssetHealthGauge] updateView #118 {updatedProperties: Array(1), raw: 42.5, formatted: '42.50', assetId: 'c842eff1-b3ab-f111-aaac-002248c75f1e', serialNumber: 'TX-N-0001', …}
index.ts:71 [AssetHealthGauge] updateView #119 {updatedProperties: Array(1), raw: 42.5, formatted: '42.50', assetId: 'c842eff1-b3ab-f111-aaac-002248c75f1e', serialNumber: 'TX-N-0001', …}
index.ts:71 [AssetHealthGauge] updateView #120 {updatedProperties: Array(1), raw: 42.5, formatted: '42.50', assetId: 'c842eff1-b3ab-f111-aaac-002248c75f1e', serialNumber: 'TX-N-0001', …}
index.ts:71 [AssetHealthGauge] updateView #121 {updatedProperties: Array(1), raw: 42.5, formatted: '42.50', assetId: 'c842eff1-b3ab-f111-aaac-002248c75f1e', serialNumber: 'TX-N-0001', …}
index.ts:71 [AssetHealthGauge] updateView #122 {updatedProperties: Array(1), raw: 42.5, formatted: '42.50', assetId: 'c842eff1-b3ab-f111-aaac-002248c75f1e', serialNumber: 'TX-N-0001', …}
index.ts:71 [AssetHealthGauge] updateView #123 {updatedProperties: Array(1), raw: 42.5, formatted: '42.50', assetId: 'c842eff1-b3ab-f111-aaac-002248c75f1e', serialNumber: 'TX-N-0001', …}
index.ts:71 [AssetHealthGauge] updateView #124 {updatedProperties: Array(1), raw: 42.5, formatted: '42.50', assetId: 'c842eff1-b3ab-f111-aaac-002248c75f1e', serialNumber: 'TX-N-0001', …}
index.ts:71 [AssetHealthGauge] updateView #125 {updatedProperties: Array(1), raw: 42.5, formatted: '42.50', assetId: 'c842eff1-b3ab-f111-aaac-002248c75f1e', serialNumber: 'TX-N-0001', …}
index.ts:71 [AssetHealthGauge] updateView #126 {updatedProperties: Array(1), raw: 42.5, formatted: '42.50', assetId: 'c842eff1-b3ab-f111-aaac-002248c75f1e', serialNumber: 'TX-N-0001', …}
index.ts:71 [AssetHealthGauge] updateView #127 {updatedProperties: Array(1), raw: 42.5, formatted: '42.50', assetId: 'c842eff1-b3ab-f111-aaac-002248c75f1e', serialNumber: 'TX-N-0001', …}
index.ts:71 [AssetHealthGauge] updateView #128 {updatedProperties: Array(1), raw: 42.5, formatted: '42.50', assetId: 'c842eff1-b3ab-f111-aaac-002248c75f1e', serialNumber: 'TX-N-0001', …}
index.ts:71 [AssetHealthGauge] updateView #129 {updatedProperties: Array(1), raw: 42.5, formatted: '42.50', assetId: 'c842eff1-b3ab-f111-aaac-002248c75f1e', serialNumber: 'TX-N-0001', …}
index.ts:71 [AssetHealthGauge] updateView #130 {updatedProperties: Array(1), raw: 42.5, formatted: '42.50', assetId: 'c842eff1-b3ab-f111-aaac-002248c75f1e', serialNumber: 'TX-N-0001', …}
index.ts:71 [AssetHealthGauge] updateView #131 {updatedProperties: Array(1), raw: 42.5, formatted: '42.50', assetId: 'c842eff1-b3ab-f111-aaac-002248c75f1e', serialNumber: 'TX-N-0001', …}
index.ts:71 [AssetHealthGauge] updateView #132 {updatedProperties: Array(3), raw: 42.5, formatted: '42.50', assetId: 'c842eff1-b3ab-f111-aaac-002248c75f1e', serialNumber: 'TX-N-0001', …}
index.ts:71 [AssetHealthGauge] updateView #133 {updatedProperties: Array(2), raw: 42.5, formatted: '42.50', assetId: 'c842eff1-b3ab-f111-aaac-002248c75f1e', serialNumber: 'TX-N-0001', …}
index.ts:71 [AssetHealthGauge] updateView #134 {updatedProperties: Array(1), raw: 42.5, formatted: '42.50', assetId: 'c842eff1-b3ab-f111-aaac-002248c75f1e', serialNumber: 'TX-N-0001', …}
index.ts:71 [AssetHealthGauge] updateView #135 {updatedProperties: Array(1), raw: 42.5, formatted: '42.50', assetId: 'c842eff1-b3ab-f111-aaac-002248c75f1e', serialNumber: 'TX-N-0001', …}
index.ts:71 [AssetHealthGauge] updateView #136 {updatedProperties: Array(1), raw: 42.5, formatted: '42.50', assetId: 'c842eff1-b3ab-f111-aaac-002248c75f1e', serialNumber: 'TX-N-0001', …}
index.ts:71 [AssetHealthGauge] updateView #137 {updatedProperties: Array(1), raw: 42.5, formatted: '42.50', assetId: 'c842eff1-b3ab-f111-aaac-002248c75f1e', serialNumber: 'TX-N-0001', …}
index.ts:71 [AssetHealthGauge] updateView #138 {updatedProperties: Array(3), raw: 42.5, formatted: '42.50', assetId: 'c842eff1-b3ab-f111-aaac-002248c75f1e', serialNumber: 'TX-N-0001', …}
index.ts:71 [AssetHealthGauge] updateView #139 {updatedProperties: Array(1), raw: 42.5, formatted: '42.50', assetId: 'c842eff1-b3ab-f111-aaac-002248c75f1e', serialNumber: 'TX-N-0001', …}
index.ts:71 [AssetHealthGauge] updateView #140 {updatedProperties: Array(1), raw: 42.5, formatted: '42.50', assetId: 'c842eff1-b3ab-f111-aaac-002248c75f1e', serialNumber: 'TX-N-0001', …}
index.ts:71 [AssetHealthGauge] updateView #141 {updatedProperties: Array(1), raw: 42.5, formatted: '42.50', assetId: 'c842eff1-b3ab-f111-aaac-002248c75f1e', serialNumber: 'TX-N-0001', …}
index.ts:71 [AssetHealthGauge] updateView #142 {updatedProperties: Array(1), raw: 42.5, formatted: '42.50', assetId: 'c842eff1-b3ab-f111-aaac-002248c75f1e', serialNumber: 'TX-N-0001', …}
index.ts:71 [AssetHealthGauge] updateView #143 {updatedProperties: Array(1), raw: 42.5, formatted: '42.50', assetId: 'c842eff1-b3ab-f111-aaac-002248c75f1e', serialNumber: 'TX-N-0001', …}
index.ts:71 [AssetHealthGauge] updateView #144 {updatedProperties: Array(2), raw: 42.5, formatted: '42.50', assetId: 'c842eff1-b3ab-f111-aaac-002248c75f1e', serialNumber: 'TX-N-0001', …}
index.ts:71 [AssetHealthGauge] updateView #145 {updatedProperties: Array(1), raw: 42.5, formatted: '42.50', assetId: 'c842eff1-b3ab-f111-aaac-002248c75f1e', serialNumber: 'TX-N-0001', …}
index.ts:71 [AssetHealthGauge] updateView #146 {updatedProperties: Array(1), raw: 42.5, formatted: '42.50', assetId: 'c842eff1-b3ab-f111-aaac-002248c75f1e', serialNumber: 'TX-N-0001', …}
index.ts:71 [AssetHealthGauge] updateView #147 {updatedProperties: Array(1), raw: 42.5, formatted: '42.50', assetId: 'c842eff1-b3ab-f111-aaac-002248c75f1e', serialNumber: 'TX-N-0001', …}
index.ts:39 [AssetHealthGauge] scan result {result: 'Match'}
index.ts:110 [AssetHealthGauge] getOutputs {healthIndex: 42.5, lastScanResult: 'Match'}healthIndex: 42.5lastScanResult: "Match"[[Prototype]]: Object
index.ts:71 [AssetHealthGauge] updateView #148 {updatedProperties: Array(1), raw: 42.5, formatted: '42.50', assetId: 'c842eff1-b3ab-f111-aaac-002248c75f1e', serialNumber: 'TX-N-0001', …}
index.ts:71 [AssetHealthGauge] updateView #149 {updatedProperties: Array(1), raw: 42.5, formatted: '42.50', assetId: 'c842eff1-b3ab-f111-aaac-002248c75f1e', serialNumber: 'TX-N-0001', …}
index.ts:71 [AssetHealthGauge] updateView #150 {updatedProperties: Array(1), raw: 42.5, formatted: '42.50', assetId: 'c842eff1-b3ab-f111-aaac-002248c75f1e', serialNumber: 'TX-N-0001', …}
index.ts:71 [AssetHealthGauge] updateView #151 {updatedProperties: Array(1), raw: 42.5, formatted: '42.50', assetId: 'c842eff1-b3ab-f111-aaac-002248c75f1e', serialNumber: 'TX-N-0001', …}
index.ts:71 [AssetHealthGauge] updateView #152 {updatedProperties: Array(1), raw: 42.5, formatted: '42.50', assetId: 'c842eff1-b3ab-f111-aaac-002248c75f1e', serialNumber: 'TX-N-0001', …}
index.ts:71 [AssetHealthGauge] updateView #153 {updatedProperties: Array(1), raw: 42.5, formatted: '42.50', assetId: 'c842eff1-b3ab-f111-aaac-002248c75f1e', serialNumber: 'TX-N-0001', …}
index.ts:71 [AssetHealthGauge] updateView #154 {updatedProperties: Array(1), raw: 42.5, formatted: '42.50', assetId: 'c842eff1-b3ab-f111-aaac-002248c75f1e', serialNumber: 'TX-N-0001', …}
index.ts:71 [AssetHealthGauge] updateView #155 {updatedProperties: Array(1), raw: 42.5, formatted: '42.50', assetId: 'c842eff1-b3ab-f111-aaac-002248c75f1e', serialNumber: 'TX-N-0001', …}
index.ts:71 [AssetHealthGauge] updateView #156 {updatedProperties: Array(1), raw: 42.5, formatted: '42.50', assetId: 'c842eff1-b3ab-f111-aaac-002248c75f1e', serialNumber: 'TX-N-0001', …}
index.ts:71 [AssetHealthGauge] updateView #157 {updatedProperties: Array(1), raw: 42.5, formatted: '42.50', assetId: 'c842eff1-b3ab-f111-aaac-002248c75f1e', serialNumber: 'TX-N-0001', …}
index.ts:71 [AssetHealthGauge] updateView #158 {updatedProperties: Array(1), raw: 42.5, formatted: '42.50', assetId: 'c842eff1-b3ab-f111-aaac-002248c75f1e', serialNumber: 'TX-N-0001', …}
index.ts:71 [AssetHealthGauge] updateView #159 {updatedProperties: Array(1), raw: 42.5, formatted: '42.50', assetId: 'c842eff1-b3ab-f111-aaac-002248c75f1e', serialNumber: 'TX-N-0001', …}
index.ts:71 [AssetHealthGauge] updateView #160 {updatedProperties: Array(1), raw: 42.5, formatted: '42.50', assetId: 'c842eff1-b3ab-f111-aaac-002248c75f1e', serialNumber: 'TX-N-0001', …}
index.ts:71 [AssetHealthGauge] updateView #161 {updatedProperties: Array(1), raw: 42.5, formatted: '42.50', assetId: 'c842eff1-b3ab-f111-aaac-002248c75f1e', serialNumber: 'TX-N-0001', …}
index.ts:71 [AssetHealthGauge] updateView #162 {updatedProperties: Array(1), raw: 42.5, formatted: '42.50', assetId: 'c842eff1-b3ab-f111-aaac-002248c75f1e', serialNumber: 'TX-N-0001', …}
index.ts:71 [AssetHealthGauge] updateView #163 {updatedProperties: Array(1), raw: 42.5, formatted: '42.50', assetId: 'c842eff1-b3ab-f111-aaac-002248c75f1e', serialNumber: 'TX-N-0001', …}
index.ts:71 [AssetHealthGauge] updateView #164 {updatedProperties: Array(1), raw: 42.5, formatted: '42.50', assetId: 'c842eff1-b3ab-f111-aaac-002248c75f1e', serialNumber: 'TX-N-0001', …}
index.ts:71 [AssetHealthGauge] updateView #165 {updatedProperties: Array(1), raw: 42.5, formatted: '42.50', assetId: 'c842eff1-b3ab-f111-aaac-002248c75f1e', serialNumber: 'TX-N-0001', …}
index.ts:71 [AssetHealthGauge] updateView #166 {updatedProperties: Array(1), raw: 42.5, formatted: '42.50', assetId: 'c842eff1-b3ab-f111-aaac-002248c75f1e', serialNumber: 'TX-N-0001', …}
index.ts:71 [AssetHealthGauge] updateView #167 {updatedProperties: Array(2), raw: 42.5, formatted: '42.50', assetId: 'c842eff1-b3ab-f111-aaac-002248c75f1e', serialNumber: 'TX-N-0001', …}
index.ts:71 [AssetHealthGauge] updateView #168 {updatedProperties: Array(1), raw: 42.5, formatted: '42.50', assetId: 'c842eff1-b3ab-f111-aaac-002248c75f1e', serialNumber: 'TX-N-0001', …}
index.ts:71 [AssetHealthGauge] updateView #169 {updatedProperties: Array(1), raw: 42.5, formatted: '42.50', assetId: 'c842eff1-b3ab-f111-aaac-002248c75f1e', serialNumber: 'TX-N-0001', …}
index.ts:71 [AssetHealthGauge] updateView #170 {updatedProperties: Array(1), raw: 42.5, formatted: '42.50', assetId: 'c842eff1-b3ab-f111-aaac-002248c75f1e', serialNumber: 'TX-N-0001', …}
index.ts:71 [AssetHealthGauge] updateView #171 {updatedProperties: Array(1), raw: 42.5, formatted: '42.50', assetId: 'c842eff1-b3ab-f111-aaac-002248c75f1e', serialNumber: 'TX-N-0001', …}
index.ts:71 [AssetHealthGauge] updateView #172 {updatedProperties: Array(1), raw: 42.5, formatted: '42.50', assetId: 'c842eff1-b3ab-f111-aaac-002248c75f1e', serialNumber: 'TX-N-0001', …}
index.ts:71 [AssetHealthGauge] updateView #173 {updatedProperties: Array(1), raw: 42.5, formatted: '42.50', assetId: 'c842eff1-b3ab-f111-aaac-002248c75f1e', serialNumber: 'TX-N-0001', …}
index.ts:71 [AssetHealthGauge] updateView #174 {updatedProperties: Array(1), raw: 42.5, formatted: '42.50', assetId: 'c842eff1-b3ab-f111-aaac-002248c75f1e', serialNumber: 'TX-N-0001', …}
index.ts:71 [AssetHealthGauge] updateView #175 {updatedProperties: Array(1), raw: 42.5, formatted: '42.50', assetId: 'c842eff1-b3ab-f111-aaac-002248c75f1e', serialNumber: 'TX-N-0001', …}
index.ts:71 [AssetHealthGauge] updateView #176 {updatedProperties: Array(1), raw: 42.5, formatted: '42.50', assetId: 'c842eff1-b3ab-f111-aaac-002248c75f1e', serialNumber: 'TX-N-0001', …}
index.ts:71 [AssetHealthGauge] updateView #177 {updatedProperties: Array(1), raw: 42.5, formatted: '42.50', assetId: 'c842eff1-b3ab-f111-aaac-002248c75f1e', serialNumber: 'TX-N-0001', …}
index.ts:71 [AssetHealthGauge] updateView #178 {updatedProperties: Array(1), raw: 42.5, formatted: '42.50', assetId: 'c842eff1-b3ab-f111-aaac-002248c75f1e', serialNumber: 'TX-N-0001', …}
index.ts:71 [AssetHealthGauge] updateView #179 {updatedProperties: Array(1), raw: 42.5, formatted: '42.50', assetId: 'c842eff1-b3ab-f111-aaac-002248c75f1e', serialNumber: 'TX-N-0001', …}
index.ts:71 [AssetHealthGauge] updateView #180 {updatedProperties: Array(1), raw: 42.5, formatted: '42.50', assetId: 'c842eff1-b3ab-f111-aaac-002248c75f1e', serialNumber: 'TX-N-0001', …}
index.ts:71 [AssetHealthGauge] updateView #181 {updatedProperties: Array(1), raw: 42.5, formatted: '42.50', assetId: 'c842eff1-b3ab-f111-aaac-002248c75f1e', serialNumber: 'TX-N-0001', …}
index.ts:71 [AssetHealthGauge] updateView #182 {updatedProperties: Array(1), raw: 42.5, formatted: '42.50', assetId: 'c842eff1-b3ab-f111-aaac-002248c75f1e', serialNumber: 'TX-N-0001', …}
index.ts:71 [AssetHealthGauge] updateView #183 {updatedProperties: Array(1), raw: 42.5, formatted: '42.50', assetId: 'c842eff1-b3ab-f111-aaac-002248c75f1e', serialNumber: 'TX-N-0001', …}
PlatformServices.ts:97 [AssetHealthGauge.services] lookupObjects {entityTypes: Array(1)}
PlatformServices.ts:109 [AssetHealthGauge.services] retrieveRecord {entity: 'hel_asset', id: '26A6F3F7-B3AB-F111-AAAC-002248C75F1E'}
